// Jest Snapshot v1, https://goo.gl/fbAQLP

exports[`rendering snapshots should render valid snapshot 1`] = `
<div>
  <Route
    component={[Function]}
    path="/:path"
  />
</div>
`;
