// Jest Snapshot v1, https://goo.gl/fbAQLP

exports[`rendering snapshots should render valid snapshot 1`] = `
<Header
  asideToggle={[Function]}
  headerDropdownToggle={[Function]}
  isHeaderDropdownOpen={true}
  isLoadingIconVisible={true}
  isMobileSidebarOpen={true}
  isNewsAsideOpen={true}
  isSidebarOpen={true}
  logout={[Function]}
  mobileSidebarToggle={[Function]}
  news={
    Array [
      Object {},
      Object {},
    ]
  }
  newsUnreadCount={1}
  openNewThreadModal={[Function]}
  openUpsertCharacterModal={[Function]}
  openUpsertThreadModal={[MockFunction]}
  sidebarToggle={[Function]}
  submitUserLogout={[MockFunction]}
  toggleHeaderDropdown={[MockFunction]}
  toggleMobileSidebar={[MockFunction]}
  toggleNewsAside={[MockFunction]}
  toggleSidebar={[MockFunction]}
  updateUserSettings={[MockFunction]}
  user={
    Object {
      "id": "12345",
    }
  }
  userSettings={
    Object {
      "settingsId": "54321",
    }
  }
/>
`;
