// Jest Snapshot v1, https://goo.gl/fbAQLP

exports[`rendering snapshots should render valid snapshot 1`] = `
<div>
  <FormGroup
    row={true}
    tag="div"
  >
    <Col
      lg="3"
      tag="div"
      widths={
        Array [
          "xs",
          "sm",
          "md",
          "lg",
          "xl",
        ]
      }
      xs="12"
    >
      <Label
        htmlFor="current-password"
        tag="label"
        widths={
          Array [
            "xs",
            "sm",
            "md",
            "lg",
            "xl",
          ]
        }
      >
        Current Password:
      </Label>
    </Col>
    <Col
      lg="9"
      tag="div"
      widths={
        Array [
          "xs",
          "sm",
          "md",
          "lg",
          "xl",
        ]
      }
      xs="12"
    >
      <AvField
        data-spec="current-password-field"
        name="currentPassword"
        onChange={[MockFunction]}
        placeholder="Current Password"
        type="password"
        validate={
          Object {
            "required": Object {
              "errorMessage": "You must enter your current password.",
              "value": true,
            },
          }
        }
      />
    </Col>
  </FormGroup>
  <FormGroup
    row={true}
    tag="div"
  >
    <Col
      lg="3"
      tag="div"
      widths={
        Array [
          "xs",
          "sm",
          "md",
          "lg",
          "xl",
        ]
      }
      xs="12"
    >
      <Label
        htmlFor="new-password"
        tag="label"
        widths={
          Array [
            "xs",
            "sm",
            "md",
            "lg",
            "xl",
          ]
        }
      >
        New Password:
      </Label>
    </Col>
    <Col
      lg="9"
      tag="div"
      widths={
        Array [
          "xs",
          "sm",
          "md",
          "lg",
          "xl",
        ]
      }
      xs="12"
    >
      <Tooltip
        align={
          Object {
            "offset": Array [
              0,
              10,
            ],
          }
        }
        arrowContent={null}
        data-spec="newPassword-tooltip"
        destroyTooltipOnHide={false}
        mouseEnterDelay={0}
        mouseLeaveDelay={0.1}
        overlay="Password must contain an uppercase character, a lowercase character, a numeric digit, and a symbol."
        overlayStyle={
          Object {
            "width": 300,
          }
        }
        placement="top"
        prefixCls="rc-tooltip"
        trigger={
          Array [
            "hover",
          ]
        }
      >
        <AvField
          data-spec="new-password-field"
          name="newPassword"
          onBlur={[MockFunction]}
          onChange={[MockFunction]}
          onFocus={[MockFunction]}
          placeholder="Password"
          type="password"
          validate={
            Object {
              "minLength": Object {
                "errorMessage": "Your password must be longer than 6 characters.",
                "value": 6,
              },
              "required": Object {
                "errorMessage": "You must enter a new password.",
                "value": true,
              },
            }
          }
        />
      </Tooltip>
    </Col>
  </FormGroup>
  <FormGroup
    row={true}
    tag="div"
  >
    <Col
      lg="3"
      tag="div"
      widths={
        Array [
          "xs",
          "sm",
          "md",
          "lg",
          "xl",
        ]
      }
      xs="12"
    >
      <Label
        htmlFor="confirm-new-password"
        tag="label"
        widths={
          Array [
            "xs",
            "sm",
            "md",
            "lg",
            "xl",
          ]
        }
      >
        Confirm New Password:
      </Label>
    </Col>
    <Col
      lg="9"
      tag="div"
      widths={
        Array [
          "xs",
          "sm",
          "md",
          "lg",
          "xl",
        ]
      }
      xs="12"
    >
      <AvField
        data-spec="confirm-new-password-field"
        name="confirmNewPassword"
        onChange={[MockFunction]}
        placeholder="Confirm New Password"
        type="password"
        validate={
          Object {
            "match": Object {
              "errorMessage": "Your passwords must match.",
              "value": "newPassword",
            },
            "required": Object {
              "errorMessage": "You must confirm your password.",
              "value": true,
            },
          }
        }
      />
    </Col>
  </FormGroup>
</div>
`;
