// Jest Snapshot v1, https://goo.gl/fbAQLP

exports[`rendering snapshots should render valid snapshot 1`] = `
<div
  className="dashboard-card-center-message"
>
  You do not have any active characters.
  <br />
  Click "Add Character" in the header menu
   
  to add one, or visit
   
  <Link
    href="/manage-characters"
    replace={false}
    to="/manage-characters"
  >
    Manage Characters
  </Link>
   
  to activate an existing hiatused character.
</div>
`;
